iossensor_plottingmultiplesensors  examples/acquire-and-plot-angular-velocity-and-orientation-data-from-your-apple-ios-device.html
iossensor_plottingmultiplesensors-1  examples/acquire-and-plot-angular-velocity-and-orientation-data-from-your-apple-ios-device.html#zmw57dd0e46
iossensor_plottingmultiplesensors-5  examples/acquire-and-plot-angular-velocity-and-orientation-data-from-your-apple-ios-device.html#zmw57dd0e69
iossensor_plottingmultiplesensors-7  examples/acquire-and-plot-angular-velocity-and-orientation-data-from-your-apple-ios-device.html#zmw57dd0e90
iossensor_plottingmultiplesensors-8  examples/acquire-and-plot-angular-velocity-and-orientation-data-from-your-apple-ios-device.html#zmw57dd0e101
iossensor_plottingmultiplesensors-12  examples/acquire-and-plot-angular-velocity-and-orientation-data-from-your-apple-ios-device.html#zmw57dd0e123
iossensor_plottingmultiplesensors-13  examples/acquire-and-plot-angular-velocity-and-orientation-data-from-your-apple-ios-device.html#zmw57dd0e137
iossensor_plottingmultiplesensors-14  examples/acquire-and-plot-angular-velocity-and-orientation-data-from-your-apple-ios-device.html#zmw57dd0e148
iossensor_plottingmultiplesensors-16  examples/acquire-and-plot-angular-velocity-and-orientation-data-from-your-apple-ios-device.html#zmw57dd0e174
iossensor_plottingmultiplesensors-17  examples/acquire-and-plot-angular-velocity-and-orientation-data-from-your-apple-ios-device.html#zmw57dd0e188
iossensor_plottingmultiplesensors-18  examples/acquire-and-plot-angular-velocity-and-orientation-data-from-your-apple-ios-device.html#zmw57dd0e208
iossensor_countingsteps  examples/counting-steps-by-capturing-acceleration-data-from-your-apple-ios-device.html
iossensor_countingsteps-1  examples/counting-steps-by-capturing-acceleration-data-from-your-apple-ios-device.html#zmw57dd0e248
iossensor_countingsteps-5  examples/counting-steps-by-capturing-acceleration-data-from-your-apple-ios-device.html#zmw57dd0e271
iossensor_countingsteps-7  examples/counting-steps-by-capturing-acceleration-data-from-your-apple-ios-device.html#zmw57dd0e292
iossensor_countingsteps-8  examples/counting-steps-by-capturing-acceleration-data-from-your-apple-ios-device.html#zmw57dd0e300
iossensor_countingsteps-11  examples/counting-steps-by-capturing-acceleration-data-from-your-apple-ios-device.html#zmw57dd0e320
iossensor_countingsteps-12  examples/counting-steps-by-capturing-acceleration-data-from-your-apple-ios-device.html#zmw57dd0e334
iossensor_countingsteps-13  examples/counting-steps-by-capturing-acceleration-data-from-your-apple-ios-device.html#zmw57dd0e347
iossensor_countingsteps-14  examples/counting-steps-by-capturing-acceleration-data-from-your-apple-ios-device.html#zmw57dd0e359
iossensor_countingsteps-18  examples/counting-steps-by-capturing-acceleration-data-from-your-apple-ios-device.html#zmw57dd0e385
iossensor_countingsteps-21  examples/counting-steps-by-capturing-acceleration-data-from-your-apple-ios-device.html#zmw57dd0e409
iossensor_mappinglocationandspeed  examples/acquire-gps-data-from-your-apple-ios-device-and-plot-your-location-and-speed-on-a-map.html
iossensor_mappinglocationandspeed-1  examples/acquire-gps-data-from-your-apple-ios-device-and-plot-your-location-and-speed-on-a-map.html#zmw57dd0e449
iossensor_mappinglocationandspeed-5  examples/acquire-gps-data-from-your-apple-ios-device-and-plot-your-location-and-speed-on-a-map.html#zmw57dd0e474
iossensor_mappinglocationandspeed-7  examples/acquire-gps-data-from-your-apple-ios-device-and-plot-your-location-and-speed-on-a-map.html#zmw57dd0e495
iossensor_mappinglocationandspeed-9  examples/acquire-gps-data-from-your-apple-ios-device-and-plot-your-location-and-speed-on-a-map.html#zmw57dd0e507
iossensor_mappinglocationandspeed-10  examples/acquire-gps-data-from-your-apple-ios-device-and-plot-your-location-and-speed-on-a-map.html#zmw57dd0e521
iossensor_mappinglocationandspeed-11  examples/acquire-gps-data-from-your-apple-ios-device-and-plot-your-location-and-speed-on-a-map.html#zmw57dd0e532
iossensor_mappinglocationandspeed-12  examples/acquire-gps-data-from-your-apple-ios-device-and-plot-your-location-and-speed-on-a-map.html#zmw57dd0e543
iossensor_mappinglocationandspeed-14  examples/acquire-gps-data-from-your-apple-ios-device-and-plot-your-location-and-speed-on-a-map.html#zmw57dd0e561
iossensor_mappinglocationandspeed-15  examples/acquire-gps-data-from-your-apple-ios-device-and-plot-your-location-and-speed-on-a-map.html#zmw57dd0e572
iossensor_mappinglocationandspeed-16  examples/acquire-gps-data-from-your-apple-ios-device-and-plot-your-location-and-speed-on-a-map.html#zmw57dd0e585
iossensor_mappinglocationandspeed-22  examples/acquire-gps-data-from-your-apple-ios-device-and-plot-your-location-and-speed-on-a-map.html#zmw57dd0e625
